
> book-markers-v2@0.1.0 build
> next build

  笆ｲ Next.js 14.2.0
  - Environments: .env.local

   Creating an optimized production build ...
 笨・Compiled successfully
   Linting and checking validity of types ...
node.exe : Failed to compile.
発生場所 行:1 文字:1
+ & "C:\Program Files\nodejs/
node.exe" "C:\Program Files\n
odejs/node_mo ...
+ ~~~~~~~~~~~~~~~~~~~~~~~~~~~
~~~~~~~~~~~~~~~~~~~~~~~~~~~~~
~~~~~~~~~~~~~
    + CategoryInfo           
   : NotSpecified: (Failed   
  to compile.:String) [],    
 RemoteException
    + FullyQualifiedErrorId  
   : NativeCommandError
 

./app/book/[id]/page.tsx:20:3
4
Type error: Cannot find modul
e '@/lib/types' or its corres
ponding type declarations.

[0m [90m 18 |[39m [36mimp
ort[39m [33mLink[39m [36m
from[39m [32m"next/link"[3
9m[33m;[39m[0m
[0m [90m 19 |[39m [36mimp
ort[39m { useRouter } [36mf
rom[39m [32m"next/navigatio
n"[39m[33m;[39m[0m
[0m[31m[1m>[22m[39m[90m
 20 |[39m [36mimport[39m {
 [33mBook[39m[33m,[39m [
33mBookStatus[39m } [36mfro
m[39m [32m"@/lib/types"[39
m[33m;[39m[0m
[0m [90m    |[39m         
                         [31
m[1m^[22m[39m[0m
[0m [90m 21 |[39m[0m
[0m [90m 22 |[39m [90m// 
Mock implementation (In a rea
l app, this will fetch from S
upabase)[39m[0m
[0m [90m 23 |[39m [36mcon
st[39m [33mMOCK_BOOK[39m[
33m:[39m [33mBook[39m [33
m=[39m {[0m
